2026-08-20 13:59:41,186 [INFO] [root] === STARTING ENTERPRISE AUDIT FRAMEWORK ===
2026-08-20 13:59:41,368 [INFO] [AuditEngineCore] Memulai eksekusi paralel modul audit & threat hunting...
2026-08-20 13:59:41,819 [INFO] [AuditEngineCore] Mengirim telemetry ke AI Inference Engine...
2026-08-20 13:59:51,900 [INFO] [root] === AUDIT PROCESS FINISHED SUCCESSFULLY ===
2026-08-20 14:02:36,461 [INFO] [root] === STARTING ENTERPRISE AUDIT FRAMEWORK ===
2026-08-20 14:02:36,635 [INFO] [AuditEngineCore] Memulai eksekusi paralel modul audit & threat hunting...
2026-08-20 14:02:37,044 [INFO] [AuditEngineCore] Mengirim telemetry ke AI Inference Engine...
2026-08-20 14:04:31,433 [INFO] [root] === STARTING ENTERPRISE AUDIT FRAMEWORK ===
2026-08-20 14:04:32,277 [INFO] [AuditEngineCore] Memulai eksekusi paralel modul audit & threat hunting...
2026-08-20 14:04:33,546 [INFO] [AuditEngineCore] Mengirim telemetry ke AI Inference Engine...
2026-08-20 14:06:33,694 [INFO] [root] === AUDIT PROCESS FINISHED SUCCESSFULLY ===
2026-08-20 14:07:37,083 [INFO] [root] === STARTING ENTERPRISE AUDIT FRAMEWORK ===
2026-08-20 14:07:37,167 [INFO] [AuditEngineCore] Memulai eksekusi paralel modul audit & threat hunting...
2026-08-20 14:07:37,486 [INFO] [AuditEngineCore] Mengirim telemetry ke AI Inference Engine...
2026-08-20 14:09:37,558 [INFO] [root] === AUDIT PROCESS FINISHED SUCCESSFULLY ===
2026-08-20 14:40:58,186 [INFO] [root] === STARTING ENTERPRISE AUDIT FRAMEWORK ===
2026-08-20 14:40:58,315 [INFO] [AuditEngineCore] Memulai eksekusi paralel modul audit & threat hunting...
2026-08-20 14:40:58,559 [INFO] [AuditEngineCore] Mengirim telemetry ke AI Inference Engine...
2026-08-20 14:42:03,148 [INFO] [root] === AUDIT PROCESS FINISHED SUCCESSFULLY ===
2026-08-20 15:18:30,253 [INFO] [root] === STARTING ENTERPRISE AUDIT FRAMEWORK ===
2026-08-20 15:18:30,326 [INFO] [AuditEngineCore] Memulai eksekusi paralel modul audit, threat hunting & memory analysis...
2026-08-20 15:18:30,820 [INFO] [AuditEngineCore] Mengirim telemetry ke AI Inference Engine...
2026-08-20 15:19:49,980 [INFO] [root] === AUDIT PROCESS FINISHED SUCCESSFULLY ===
2026-08-20 15:35:01,698 [INFO] [root] === STARTING ENTERPRISE AUDIT FRAMEWORK ===
2026-08-20 15:35:01,891 [INFO] [AuditEngineCore] Memulai eksekusi paralel modul audit & threat hunting...
2026-08-20 15:35:02,410 [INFO] [AuditEngineCore] Mengeksekusi Active Defense Auto-Remediation...
2026-08-20 15:35:02,411 [WARNING] [AuditEngineCore] [ALERT] Telegram Bot Token atau Chat ID belum dikonfigurasi dengan benar.
2026-08-20 15:35:02,411 [INFO] [AuditEngineCore] Mengirim telemetry ke AI Inference Engine...
2026-08-20 15:36:19,534 [INFO] [root] === AUDIT PROCESS FINISHED SUCCESSFULLY ===
2026-08-20 15:41:36,832 [INFO] [root] === STARTING ENTERPRISE AUDIT FRAMEWORK ===
2026-08-20 15:41:37,005 [INFO] [AuditEngineCore] Memulai eksekusi paralel modul audit & threat hunting...
2026-08-20 15:41:37,411 [INFO] [AuditEngineCore] Mengeksekusi Active Defense Auto-Remediation...
2026-08-20 15:41:39,909 [ERROR] [AuditEngineCore] [ALERT] Gagal mengirim pesan Telegram: HTTP Error 401: Unauthorized
2026-08-20 15:41:39,910 [INFO] [AuditEngineCore] Mengirim telemetry ke AI Inference Engine...
2026-08-20 15:44:25,006 [INFO] [root] === STARTING ENTERPRISE AUDIT FRAMEWORK ===
2026-08-20 15:44:25,169 [INFO] [AuditEngineCore] Memulai eksekusi paralel modul audit & threat hunting...
2026-08-20 15:44:25,574 [INFO] [AuditEngineCore] Mengeksekusi Active Defense Auto-Remediation...
2026-08-20 15:44:26,329 [ERROR] [AuditEngineCore] [ALERT] Gagal mengirim pesan Telegram: HTTP Error 401: Unauthorized
2026-08-20 15:44:26,330 [INFO] [AuditEngineCore] Mengirim telemetry ke AI Inference Engine...
2026-08-20 15:46:43,021 [INFO] [root] === STARTING ENTERPRISE AUDIT FRAMEWORK ===
2026-08-20 15:46:43,177 [INFO] [AuditEngineCore] Memulai eksekusi paralel modul audit & threat hunting...
2026-08-20 15:46:43,608 [INFO] [AuditEngineCore] Mengeksekusi Active Defense Auto-Remediation...
2026-08-20 15:46:44,304 [ERROR] [AuditEngineCore] [ALERT] Gagal mengirim pesan Telegram: HTTP Error 401: Unauthorized
2026-08-20 15:46:44,394 [INFO] [AuditEngineCore] Mengirim telemetry ke AI Inference Engine...
2026-08-20 15:52:32,071 [INFO] [root] === STARTING ENTERPRISE AUDIT FRAMEWORK ===
2026-08-20 15:52:32,150 [INFO] [AuditEngineCore] Memulai eksekusi paralel modul audit & threat hunting...
2026-08-20 15:52:32,478 [INFO] [AuditEngineCore] Mengeksekusi Active Defense Auto-Remediation...
2026-08-20 15:52:35,781 [ERROR] [AuditEngineCore] [ALERT] Gagal mengirim pesan Telegram: HTTP Error 401: Unauthorized
2026-08-20 15:52:35,781 [INFO] [AuditEngineCore] Mengirim telemetry ke AI Inference Engine...
2026-08-20 15:54:00,292 [INFO] [root] === STARTING ENTERPRISE AUDIT FRAMEWORK ===
2026-08-20 15:54:00,356 [INFO] [AuditEngineCore] Memulai eksekusi paralel modul audit & threat hunting...
2026-08-20 15:54:00,768 [INFO] [AuditEngineCore] Mengeksekusi Active Defense Auto-Remediation...
2026-08-20 15:54:01,502 [ERROR] [AuditEngineCore] [ALERT] Gagal mengirim pesan Telegram: HTTP Error 401: Unauthorized
2026-08-20 15:54:01,503 [INFO] [AuditEngineCore] Mengirim telemetry ke AI Inference Engine...
2026-08-20 15:55:50,492 [INFO] [root] === STARTING ENTERPRISE AUDIT FRAMEWORK ===
2026-08-20 15:55:50,549 [INFO] [AuditEngineCore] Memulai eksekusi paralel modul audit & threat hunting...
2026-08-20 15:55:50,967 [INFO] [AuditEngineCore] Mengeksekusi Active Defense Auto-Remediation...
2026-08-20 15:55:53,391 [ERROR] [AuditEngineCore] [ALERT] Gagal mengirim pesan Telegram: HTTP Error 401: Unauthorized
2026-08-20 15:55:53,392 [INFO] [AuditEngineCore] Mengirim telemetry ke AI Inference Engine...
2026-08-20 15:57:05,878 [INFO] [root] === AUDIT PROCESS FINISHED SUCCESSFULLY ===
2026-08-20 15:58:45,172 [INFO] [root] === STARTING ENTERPRISE AUDIT FRAMEWORK ===
2026-08-20 15:58:45,233 [INFO] [AuditEngineCore] Memulai eksekusi paralel modul audit & threat hunting...
2026-08-20 15:58:45,661 [INFO] [AuditEngineCore] Mengeksekusi Active Defense Auto-Remediation...
2026-08-20 15:58:50,703 [INFO] [AuditEngineCore] [ALERT] Notifikasi berhasil dikirim ke Telegram!
2026-08-20 15:58:50,704 [INFO] [AuditEngineCore] Mengirim telemetry ke AI Inference Engine...
2026-08-20 15:59:45,736 [INFO] [root] === AUDIT PROCESS FINISHED SUCCESSFULLY ===
